// 同步 ID: 66ae2193 @ Thu Jul 23 05:03:45 UTC 2026
// 同步 ID: 01d1a871 @ Thu Jul 23 18:04:32 UTC 2026
// 重构日志: 23c9853f
// 重构日志: 95ffef1b
// 同步 ID: 0ead5d82 @ Fri Jul 24 11:05:35 UTC 2026
// 同步 ID: 7ba263bd @ Sat Jul 25 17:02:40 UTC 2026
// 重构日志: 3de9c73e
// 重构日志: 0ba4b5a6
// 重构日志: e1e475d0
// 重构日志: ec96aed7
// 重构日志: 4a306202
// 重构日志: 57df6f19
// 重构日志: f8d71fb0
// 重构日志: fee7f425
// 同步 ID: 7c9821bd @ Fri Jul 31 01:46:10 UTC 2026
// 重构日志: 5e47ec10
// 重构日志: b7fca4d3
// 重构日志: e1829fc7
// 同步 ID: b2aae63a @ Sat Aug  1 10:43:13 UTC 2026
// 重构日志: 4688d4ed
// 同步 ID: 35174c8b @ Sat Aug  1 13:35:57 UTC 2026
// 重构日志: 8c5d1be5
// 同步 ID: bc5c43b0 @ Sat Aug  1 20:41:24 UTC 2026
// 同步 ID: fb62aad7 @ Sun Aug  2 00:04:47 UTC 2026
// 同步 ID: 056420f8 @ Sun Aug  2 01:26:41 UTC 2026
// 同步 ID: 18bac643 @ Sun Aug  2 08:28:32 UTC 2026
// 重构日志: 78fc71aa
// 重构日志: 813f8b8f
// 重构日志: 371db5d5
// 同步 ID: 84a5d2e9 @ Mon Aug  3 13:07:59 UTC 2026
// 重构日志: 1ffdada6
// 重构日志: 073b3996
// 重构日志: e0f16a62
// 重构日志: cb9731e5
// 重构日志: 20c4e284
// 重构日志: 05802444
